i Compiling Mix
node.exe : DEPRECATION WARNING [legacy-js-api]: The legacy JS API is deprecated and will be removed in Dart Sass 2.0.0.
At line:1 char:1
+ & "C:\xampp/node.exe" "C:\xampp/node_modules/npm/bin/npx-cli.js" mix
+ ~~~~~~~~~~~~~~~~~~~~~~~~~~~~~~~~~~~~~~~~~~~~~~~~~~~~~~~~~~~~~~~~~~~~
    + CategoryInfo          : NotSpecified: (DEPRECATION WAR...art Sass 2.0.0.:String) [], RemoteException
    + FullyQualifiedErrorId : NativeCommandError
 

More info: https://sass-lang.com/d/legacy-js-api

DEPRECATION WARNING [import]: Sass @import rules are deprecated and will be removed in Dart Sass 3.0.0.

More info and automated migrator: https://sass-lang.com/d/import

  Γò╖
3 Γöé @import 'variables';
  Γöé         ^^^^^^^^^^^
  Γò╡
    resources\sass\app.scss 3:9  root stylesheet

DEPRECATION WARNING [import]: Sass @import rules are deprecated and will be removed in Dart Sass 3.0.0.

More info and automated migrator: https://sass-lang.com/d/import

    Γò╖
121 Γöé @import "layout";
    Γöé         ^^^^^^^^
    Γò╡
    resources\sass\app.scss 121:9  root stylesheet

DEPRECATION WARNING [import]: Sass @import rules are deprecated and will be removed in Dart Sass 3.0.0.

More info and automated migrator: https://sass-lang.com/d/import

    Γò╖
122 Γöé @import "top-navbar";
    Γöé         ^^^^^^^^^^^^
    Γò╡
    resources\sass\app.scss 122:9  root stylesheet

DEPRECATION WARNING [import]: Sass @import rules are deprecated and will be removed in Dart Sass 3.0.0.

More info and automated migrator: https://sass-lang.com/d/import

    Γò╖
123 Γöé @import "dashboard";
    Γöé         ^^^^^^^^^^^
    Γò╡
    resources\sass\app.scss 123:9  root stylesheet

DEPRECATION WARNING [import]: Sass @import rules are deprecated and will be removed in Dart Sass 3.0.0.

More info and automated migrator: https://sass-lang.com/d/import

    Γò╖
124 Γöé @import "profile";
    Γöé         ^^^^^^^^^
    Γò╡
    resources\sass\app.scss 124:9  root stylesheet

DEPRECATION WARNING [global-builtin]: Global built-in functions are deprecated and will be removed in Dart Sass 3.0.0.
Use color.adjust instead.

More info and automated migrator: https://sass-lang.com/d/import

   Γò╖
97 Γöé $primary-light:         lighten($color-accent, 10%);
   Γöé                         ^^^^^^^^^^^^^^^^^^^^^^^^^^^
   Γò╡
    resources\sass\_variables.scss 97:25  @import
    resources\sass\app.scss 3:9           root stylesheet

DEPRECATION WARNING [color-functions]: lighten() is deprecated. Suggestions:

color.scale($color, $lightness: 30%)
color.adjust($color, $lightness: 10%)

More info: https://sass-lang.com/d/color-functions

   Γò╖
97 Γöé $primary-light:         lighten($color-accent, 10%);
   Γöé                         ^^^^^^^^^^^^^^^^^^^^^^^^^^^
   Γò╡
    resources\sass\_variables.scss 97:25  @import
    resources\sass\app.scss 3:9           root stylesheet

DEPRECATION WARNING [global-builtin]: Global built-in functions are deprecated and will be removed in Dart Sass 3.0.0.
Use color.adjust instead.

More info and automated migrator: https://sass-lang.com/d/import

   Γò╖
98 Γöé $primary-dark:          darken($color-accent, 10%);
   Γöé                         ^^^^^^^^^^^^^^^^^^^^^^^^^^
   Γò╡
    resources\sass\_variables.scss 98:25  @import
    resources\sass\app.scss 3:9           root stylesheet

DEPRECATION WARNING [color-functions]: darken() is deprecated. Suggestions:

color.scale($color, $lightness: -15%)
color.adjust($color, $lightness: -10%)

More info: https://sass-lang.com/d/color-functions

   Γò╖
98 Γöé $primary-dark:          darken($color-accent, 10%);
   Γöé                         ^^^^^^^^^^^^^^^^^^^^^^^^^^
   Γò╡
    resources\sass\_variables.scss 98:25  @import
    resources\sass\app.scss 3:9           root stylesheet

DEPRECATION WARNING [global-builtin]: Global built-in functions are deprecated and will be removed in Dart Sass 3.0.0.
Use color.adjust instead.

More info and automated migrator: https://sass-lang.com/d/import

    Γò╖
107 Γöé $secondary-light:       lighten($color-accent-hover, 10%);
    Γöé                         ^^^^^^^^^^^^^^^^^^^^^^^^^^^^^^^^^
    Γò╡
    resources\sass\_variables.scss 107:25  @import
    resources\sass\app.scss 3:9            root stylesheet

DEPRECATION WARNING [color-functions]: lighten() is deprecated. Suggestions:

color.scale($color, $lightness: 24.1706161137%)
color.adjust($color, $lightness: 10%)

More info: https://sass-lang.com/d/color-functions

    Γò╖
107 Γöé $secondary-light:       lighten($color-accent-hover, 10%);
    Γöé                         ^^^^^^^^^^^^^^^^^^^^^^^^^^^^^^^^^
    Γò╡
    resources\sass\_variables.scss 107:25  @import
    resources\sass\app.scss 3:9            root stylesheet

DEPRECATION WARNING [legacy-js-api]: The legacy JS API is deprecated and will be removed in Dart Sass 2.0.0.

More info: https://sass-lang.com/d/legacy-js-api

DEPRECATION WARNING [import]: Sass @import rules are deprecated and will be removed in Dart Sass 3.0.0.

More info and automated migrator: https://sass-lang.com/d/import

  Γò╖
1 Γöé @import 'variables';
  Γöé         ^^^^^^^^^^^
  Γò╡
    resources\sass\layout.scss 1:9  root stylesheet

DEPRECATION WARNING [legacy-js-api]: The legacy JS API is deprecated and will be removed in Dart Sass 2.0.0.

More info: https://sass-lang.com/d/legacy-js-api

DEPRECATION WARNING [import]: Sass @import rules are deprecated and will be removed in Dart Sass 3.0.0.

More info and automated migrator: https://sass-lang.com/d/import

  Γò╖
1 Γöé @import 'variables';
  Γöé         ^^^^^^^^^^^
  Γò╡
    resources\sass\student-register.scss 1:9  root stylesheet

DEPRECATION WARNING [legacy-js-api]: The legacy JS API is deprecated and will be removed in Dart Sass 2.0.0.

More info: https://sass-lang.com/d/legacy-js-api

DEPRECATION WARNING [import]: Sass @import rules are deprecated and will be removed in Dart Sass 3.0.0.

More info and automated migrator: https://sass-lang.com/d/import

  Γò╖
1 Γöé @import 'variables';
  Γöé         ^^^^^^^^^^^
  Γò╡
    resources\sass\faculty-register.scss 1:9  root stylesheet

DEPRECATION WARNING [import]: Sass @import rules are deprecated and will be removed in Dart Sass 3.0.0.

More info and automated migrator: https://sass-lang.com/d/import

  Γò╖
2 Γöé @import 'student-register'; // Faculty register reuses student register styles
  Γöé         ^^^^^^^^^^^^^^^^^^
  Γò╡
    resources\sass\faculty-register.scss 2:9  root stylesheet

DEPRECATION WARNING [legacy-js-api]: The legacy JS API is deprecated and will be removed in Dart Sass 2.0.0.

More info: https://sass-lang.com/d/legacy-js-api

DEPRECATION WARNING [import]: Sass @import rules are deprecated and will be removed in Dart Sass 3.0.0.

More info and automated migrator: https://sass-lang.com/d/import

  Γò╖
1 Γöé @import 'variables';
  Γöé         ^^^^^^^^^^^
  Γò╡
    resources\sass\login-page.scss 1:9  root stylesheet

DEPRECATION WARNING [global-builtin]: Global built-in functions are deprecated and will be removed in Dart Sass 3.0.0.
Use color.adjust instead.

More info and automated migrator: https://sass-lang.com/d/import

   Γò╖
97 Γöé $primary-light:         lighten($color-accent, 10%);
   Γöé                         ^^^^^^^^^^^^^^^^^^^^^^^^^^^
   Γò╡
    resources\sass\_variables.scss 97:25  @import
    resources\sass\layout.scss 1:9        root stylesheet

DEPRECATION WARNING [color-functions]: lighten() is deprecated. Suggestions:

color.scale($color, $lightness: 30%)
color.adjust($color, $lightness: 10%)

More info: https://sass-lang.com/d/color-functions

   Γò╖
97 Γöé $primary-light:         lighten($color-accent, 10%);
   Γöé                         ^^^^^^^^^^^^^^^^^^^^^^^^^^^
   Γò╡
    resources\sass\_variables.scss 97:25  @import
    resources\sass\layout.scss 1:9        root stylesheet

DEPRECATION WARNING [global-builtin]: Global built-in functions are deprecated and will be removed in Dart Sass 3.0.0.
Use color.adjust instead.

More info and automated migrator: https://sass-lang.com/d/import

   Γò╖
97 Γöé $primary-light:         lighten($color-accent, 10%);
   Γöé                         ^^^^^^^^^^^^^^^^^^^^^^^^^^^
   Γò╡
    resources\sass\_variables.scss 97:25      @import
    resources\sass\student-register.scss 1:9  root stylesheet

DEPRECATION WARNING [color-functions]: lighten() is deprecated. Suggestions:

color.scale($color, $lightness: 30%)
color.adjust($color, $lightness: 10%)

More info: https://sass-lang.com/d/color-functions

   Γò╖
97 Γöé $primary-light:         lighten($color-accent, 10%);
   Γöé                         ^^^^^^^^^^^^^^^^^^^^^^^^^^^
   Γò╡
    resources\sass\_variables.scss 97:25      @import
    resources\sass\student-register.scss 1:9  root stylesheet

DEPRECATION WARNING [global-builtin]: Global built-in functions are deprecated and will be removed in Dart Sass 3.0.0.
Use color.adjust instead.

More info and automated migrator: https://sass-lang.com/d/import

   Γò╖
97 Γöé $primary-light:         lighten($color-accent, 10%);
   Γöé                         ^^^^^^^^^^^^^^^^^^^^^^^^^^^
   Γò╡
    resources\sass\_variables.scss 97:25      @import
    resources\sass\faculty-register.scss 1:9  root stylesheet

DEPRECATION WARNING [color-functions]: lighten() is deprecated. Suggestions:

color.scale($color, $lightness: 30%)
color.adjust($color, $lightness: 10%)

More info: https://sass-lang.com/d/color-functions

   Γò╖
97 Γöé $primary-light:         lighten($color-accent, 10%);
   Γöé                         ^^^^^^^^^^^^^^^^^^^^^^^^^^^
   Γò╡
    resources\sass\_variables.scss 97:25      @import
    resources\sass\faculty-register.scss 1:9  root stylesheet

DEPRECATION WARNING [global-builtin]: Global built-in functions are deprecated and will be removed in Dart Sass 3.0.0.
Use color.adjust instead.

More info and automated migrator: https://sass-lang.com/d/import

   Γò╖
97 Γöé $primary-light:         lighten($color-accent, 10%);
   Γöé                         ^^^^^^^^^^^^^^^^^^^^^^^^^^^
   Γò╡
    resources\sass\_variables.scss 97:25  @import
    resources\sass\login-page.scss 1:9    root stylesheet

DEPRECATION WARNING [color-functions]: lighten() is deprecated. Suggestions:

color.scale($color, $lightness: 30%)
color.adjust($color, $lightness: 10%)

More info: https://sass-lang.com/d/color-functions

   Γò╖
97 Γöé $primary-light:         lighten($color-accent, 10%);
   Γöé                         ^^^^^^^^^^^^^^^^^^^^^^^^^^^
   Γò╡
    resources\sass\_variables.scss 97:25  @import
    resources\sass\login-page.scss 1:9    root stylesheet

DEPRECATION WARNING [global-builtin]: Global built-in functions are deprecated and will be removed in Dart Sass 3.0.0.
Use color.adjust instead.

More info and automated migrator: https://sass-lang.com/d/import

   Γò╖
98 Γöé $primary-dark:          darken($color-accent, 10%);
   Γöé                         ^^^^^^^^^^^^^^^^^^^^^^^^^^
   Γò╡
    resources\sass\_variables.scss 98:25  @import
    resources\sass\layout.scss 1:9        root stylesheet

DEPRECATION WARNING [color-functions]: darken() is deprecated. Suggestions:

color.scale($color, $lightness: -15%)
color.adjust($color, $lightness: -10%)

More info: https://sass-lang.com/d/color-functions

   Γò╖
98 Γöé $primary-dark:          darken($color-accent, 10%);
   Γöé                         ^^^^^^^^^^^^^^^^^^^^^^^^^^
   Γò╡
    resources\sass\_variables.scss 98:25  @import
    resources\sass\layout.scss 1:9        root stylesheet

DEPRECATION WARNING [global-builtin]: Global built-in functions are deprecated and will be removed in Dart Sass 3.0.0.
Use color.adjust instead.

More info and automated migrator: https://sass-lang.com/d/import

   Γò╖
98 Γöé $primary-dark:          darken($color-accent, 10%);
   Γöé                         ^^^^^^^^^^^^^^^^^^^^^^^^^^
   Γò╡
    resources\sass\_variables.scss 98:25      @import
    resources\sass\student-register.scss 1:9  root stylesheet

DEPRECATION WARNING [color-functions]: darken() is deprecated. Suggestions:

color.scale($color, $lightness: -15%)
color.adjust($color, $lightness: -10%)

More info: https://sass-lang.com/d/color-functions

   Γò╖
98 Γöé $primary-dark:          darken($color-accent, 10%);
   Γöé                         ^^^^^^^^^^^^^^^^^^^^^^^^^^
   Γò╡
    resources\sass\_variables.scss 98:25      @import
    resources\sass\student-register.scss 1:9  root stylesheet

DEPRECATION WARNING [global-builtin]: Global built-in functions are deprecated and will be removed in Dart Sass 3.0.0.
Use color.adjust instead.

More info and automated migrator: https://sass-lang.com/d/import

   Γò╖
98 Γöé $primary-dark:          darken($color-accent, 10%);
   Γöé                         ^^^^^^^^^^^^^^^^^^^^^^^^^^
   Γò╡
    resources\sass\_variables.scss 98:25      @import
    resources\sass\faculty-register.scss 1:9  root stylesheet

DEPRECATION WARNING [color-functions]: darken() is deprecated. Suggestions:

color.scale($color, $lightness: -15%)
color.adjust($color, $lightness: -10%)

More info: https://sass-lang.com/d/color-functions

   Γò╖
98 Γöé $primary-dark:          darken($color-accent, 10%);
   Γöé                         ^^^^^^^^^^^^^^^^^^^^^^^^^^
   Γò╡
    resources\sass\_variables.scss 98:25      @import
    resources\sass\faculty-register.scss 1:9  root stylesheet

DEPRECATION WARNING [global-builtin]: Global built-in functions are deprecated and will be removed in Dart Sass 3.0.0.
Use color.adjust instead.

More info and automated migrator: https://sass-lang.com/d/import

   Γò╖
98 Γöé $primary-dark:          darken($color-accent, 10%);
   Γöé                         ^^^^^^^^^^^^^^^^^^^^^^^^^^
   Γò╡
    resources\sass\_variables.scss 98:25  @import
    resources\sass\login-page.scss 1:9    root stylesheet

DEPRECATION WARNING [color-functions]: darken() is deprecated. Suggestions:

color.scale($color, $lightness: -15%)
color.adjust($color, $lightness: -10%)

More info: https://sass-lang.com/d/color-functions

   Γò╖
98 Γöé $primary-dark:          darken($color-accent, 10%);
   Γöé                         ^^^^^^^^^^^^^^^^^^^^^^^^^^
   Γò╡
    resources\sass\_variables.scss 98:25  @import
    resources\sass\login-page.scss 1:9    root stylesheet

DEPRECATION WARNING [global-builtin]: Global built-in functions are deprecated and will be removed in Dart Sass 3.0.0.
Use color.adjust instead.

More info and automated migrator: https://sass-lang.com/d/import

    Γò╖
107 Γöé $secondary-light:       lighten($color-accent-hover, 10%);
    Γöé                         ^^^^^^^^^^^^^^^^^^^^^^^^^^^^^^^^^
    Γò╡
    resources\sass\_variables.scss 107:25  @import
    resources\sass\layout.scss 1:9         root stylesheet

DEPRECATION WARNING [color-functions]: lighten() is deprecated. Suggestions:

color.scale($color, $lightness: 24.1706161137%)
color.adjust($color, $lightness: 10%)

More info: https://sass-lang.com/d/color-functions

    Γò╖
107 Γöé $secondary-light:       lighten($color-accent-hover, 10%);
    Γöé                         ^^^^^^^^^^^^^^^^^^^^^^^^^^^^^^^^^
    Γò╡
    resources\sass\_variables.scss 107:25  @import
    resources\sass\layout.scss 1:9         root stylesheet

DEPRECATION WARNING [global-builtin]: Global built-in functions are deprecated and will be removed in Dart Sass 3.0.0.
Use color.adjust instead.

More info and automated migrator: https://sass-lang.com/d/import

    Γò╖
107 Γöé $secondary-light:       lighten($color-accent-hover, 10%);
    Γöé                         ^^^^^^^^^^^^^^^^^^^^^^^^^^^^^^^^^
    Γò╡
    resources\sass\_variables.scss 107:25     @import
    resources\sass\student-register.scss 1:9  root stylesheet

DEPRECATION WARNING [color-functions]: lighten() is deprecated. Suggestions:

color.scale($color, $lightness: 24.1706161137%)
color.adjust($color, $lightness: 10%)

More info: https://sass-lang.com/d/color-functions

    Γò╖
107 Γöé $secondary-light:       lighten($color-accent-hover, 10%);
    Γöé                         ^^^^^^^^^^^^^^^^^^^^^^^^^^^^^^^^^
    Γò╡
    resources\sass\_variables.scss 107:25     @import
    resources\sass\student-register.scss 1:9  root stylesheet

DEPRECATION WARNING [global-builtin]: Global built-in functions are deprecated and will be removed in Dart Sass 3.0.0.
Use color.adjust instead.

More info and automated migrator: https://sass-lang.com/d/import

    Γò╖
107 Γöé $secondary-light:       lighten($color-accent-hover, 10%);
    Γöé                         ^^^^^^^^^^^^^^^^^^^^^^^^^^^^^^^^^
    Γò╡
    resources\sass\_variables.scss 107:25     @import
    resources\sass\faculty-register.scss 1:9  root stylesheet

DEPRECATION WARNING [color-functions]: lighten() is deprecated. Suggestions:

color.scale($color, $lightness: 24.1706161137%)
color.adjust($color, $lightness: 10%)

More info: https://sass-lang.com/d/color-functions

    Γò╖
107 Γöé $secondary-light:       lighten($color-accent-hover, 10%);
    Γöé                         ^^^^^^^^^^^^^^^^^^^^^^^^^^^^^^^^^
    Γò╡
    resources\sass\_variables.scss 107:25     @import
    resources\sass\faculty-register.scss 1:9  root stylesheet

DEPRECATION WARNING [global-builtin]: Global built-in functions are deprecated and will be removed in Dart Sass 3.0.0.
Use color.adjust instead.

More info and automated migrator: https://sass-lang.com/d/import

    Γò╖
107 Γöé $secondary-light:       lighten($color-accent-hover, 10%);
    Γöé                         ^^^^^^^^^^^^^^^^^^^^^^^^^^^^^^^^^
    Γò╡
    resources\sass\_variables.scss 107:25  @import
    resources\sass\login-page.scss 1:9     root stylesheet

DEPRECATION WARNING [color-functions]: lighten() is deprecated. Suggestions:

color.scale($color, $lightness: 24.1706161137%)
color.adjust($color, $lightness: 10%)

More info: https://sass-lang.com/d/color-functions

    Γò╖
107 Γöé $secondary-light:       lighten($color-accent-hover, 10%);
    Γöé                         ^^^^^^^^^^^^^^^^^^^^^^^^^^^^^^^^^
    Γò╡
    resources\sass\_variables.scss 107:25  @import
    resources\sass\login-page.scss 1:9     root stylesheet

DEPRECATION WARNING [import]: Sass @import rules are deprecated and will be removed in Dart Sass 3.0.0.

More info and automated migrator: https://sass-lang.com/d/import

  Γò╖
1 Γöé @import 'variables';
  Γöé         ^^^^^^^^^^^
  Γò╡
    resources\sass\student-register.scss 1:9  @import
    resources\sass\faculty-register.scss 2:9  root stylesheet

DEPRECATION WARNING [legacy-js-api]: The legacy JS API is deprecated and will be removed in Dart Sass 2.0.0.

More info: https://sass-lang.com/d/legacy-js-api

DEPRECATION WARNING [import]: Sass @import rules are deprecated and will be removed in Dart Sass 3.0.0.

More info and automated migrator: https://sass-lang.com/d/import

  Γò╖
1 Γöé @import 'variables';
  Γöé         ^^^^^^^^^^^
  Γò╡
    resources\sass\top-navbar.scss 1:9  root stylesheet

DEPRECATION WARNING [legacy-js-api]: The legacy JS API is deprecated and will be removed in Dart Sass 2.0.0.

More info: https://sass-lang.com/d/legacy-js-api

DEPRECATION WARNING [import]: Sass @import rules are deprecated and will be removed in Dart Sass 3.0.0.

More info and automated migrator: https://sass-lang.com/d/import

  Γò╖
2 Γöé @import 'variables';
  Γöé         ^^^^^^^^^^^
  Γò╡
    resources\sass\faculty.scss 2:9  root stylesheet

DEPRECATION WARNING [legacy-js-api]: The legacy JS API is deprecated and will be removed in Dart Sass 2.0.0.

More info: https://sass-lang.com/d/legacy-js-api

DEPRECATION WARNING [import]: Sass @import rules are deprecated and will be removed in Dart Sass 3.0.0.

More info and automated migrator: https://sass-lang.com/d/import

  Γò╖
1 Γöé @import 'variables';
  Γöé         ^^^^^^^^^^^
  Γò╡
    resources\sass\student-dashboard.scss 1:9  root stylesheet

DEPRECATION WARNING [legacy-js-api]: The legacy JS API is deprecated and will be removed in Dart Sass 2.0.0.

More info: https://sass-lang.com/d/legacy-js-api

DEPRECATION WARNING [import]: Sass @import rules are deprecated and will be removed in Dart Sass 3.0.0.

More info and automated migrator: https://sass-lang.com/d/import

  Γò╖
1 Γöé @import 'variables';
  Γöé         ^^^^^^^^^^^
  Γò╡
    resources\sass\faculty-dashboard.scss 1:9  root stylesheet

DEPRECATION WARNING [global-builtin]: Global built-in functions are deprecated and will be removed in Dart Sass 3.0.0.
Use color.adjust instead.

More info and automated migrator: https://sass-lang.com/d/import

   Γò╖
97 Γöé $primary-light:         lighten($color-accent, 10%);
   Γöé                         ^^^^^^^^^^^^^^^^^^^^^^^^^^^
   Γò╡
    resources\sass\_variables.scss 97:25  @import
    resources\sass\top-navbar.scss 1:9    root stylesheet

DEPRECATION WARNING [color-functions]: lighten() is deprecated. Suggestions:

color.scale($color, $lightness: 30%)
color.adjust($color, $lightness: 10%)

More info: https://sass-lang.com/d/color-functions

   Γò╖
97 Γöé $primary-light:         lighten($color-accent, 10%);
   Γöé                         ^^^^^^^^^^^^^^^^^^^^^^^^^^^
   Γò╡
    resources\sass\_variables.scss 97:25  @import
    resources\sass\top-navbar.scss 1:9    root stylesheet

DEPRECATION WARNING [global-builtin]: Global built-in functions are deprecated and will be removed in Dart Sass 3.0.0.
Use color.adjust instead.

More info and automated migrator: https://sass-lang.com/d/import

   Γò╖
97 Γöé $primary-light:         lighten($color-accent, 10%);
   Γöé                         ^^^^^^^^^^^^^^^^^^^^^^^^^^^
   Γò╡
    resources\sass\_variables.scss 97:25       @import
    resources\sass\student-dashboard.scss 1:9  root stylesheet

DEPRECATION WARNING [color-functions]: lighten() is deprecated. Suggestions:

color.scale($color, $lightness: 30%)
color.adjust($color, $lightness: 10%)

More info: https://sass-lang.com/d/color-functions

   Γò╖
97 Γöé $primary-light:         lighten($color-accent, 10%);
   Γöé                         ^^^^^^^^^^^^^^^^^^^^^^^^^^^
   Γò╡
    resources\sass\_variables.scss 97:25       @import
    resources\sass\student-dashboard.scss 1:9  root stylesheet

DEPRECATION WARNING [global-builtin]: Global built-in functions are deprecated and will be removed in Dart Sass 3.0.0.
Use color.adjust instead.

More info and automated migrator: https://sass-lang.com/d/import

   Γò╖
97 Γöé $primary-light:         lighten($color-accent, 10%);
   Γöé                         ^^^^^^^^^^^^^^^^^^^^^^^^^^^
   Γò╡
    resources\sass\_variables.scss 97:25       @import
    resources\sass\faculty-dashboard.scss 1:9  root stylesheet

DEPRECATION WARNING [color-functions]: lighten() is deprecated. Suggestions:

color.scale($color, $lightness: 30%)
color.adjust($color, $lightness: 10%)

More info: https://sass-lang.com/d/color-functions

   Γò╖
97 Γöé $primary-light:         lighten($color-accent, 10%);
   Γöé                         ^^^^^^^^^^^^^^^^^^^^^^^^^^^
   Γò╡
    resources\sass\_variables.scss 97:25       @import
    resources\sass\faculty-dashboard.scss 1:9  root stylesheet

DEPRECATION WARNING [global-builtin]: Global built-in functions are deprecated and will be removed in Dart Sass 3.0.0.
Use color.adjust instead.

More info and automated migrator: https://sass-lang.com/d/import

   Γò╖
97 Γöé $primary-light:         lighten($color-accent, 10%);
   Γöé                         ^^^^^^^^^^^^^^^^^^^^^^^^^^^
   Γò╡
    resources\sass\_variables.scss 97:25  @import
    resources\sass\faculty.scss 2:9       root stylesheet

DEPRECATION WARNING [color-functions]: lighten() is deprecated. Suggestions:

color.scale($color, $lightness: 30%)
color.adjust($color, $lightness: 10%)

More info: https://sass-lang.com/d/color-functions

   Γò╖
97 Γöé $primary-light:         lighten($color-accent, 10%);
   Γöé                         ^^^^^^^^^^^^^^^^^^^^^^^^^^^
   Γò╡
    resources\sass\_variables.scss 97:25  @import
    resources\sass\faculty.scss 2:9       root stylesheet

DEPRECATION WARNING [global-builtin]: Global built-in functions are deprecated and will be removed in Dart Sass 3.0.0.
Use color.adjust instead.

More info and automated migrator: https://sass-lang.com/d/import

   Γò╖
98 Γöé $primary-dark:          darken($color-accent, 10%);
   Γöé                         ^^^^^^^^^^^^^^^^^^^^^^^^^^
   Γò╡
    resources\sass\_variables.scss 98:25  @import
    resources\sass\top-navbar.scss 1:9    root stylesheet

DEPRECATION WARNING [color-functions]: darken() is deprecated. Suggestions:

color.scale($color, $lightness: -15%)
color.adjust($color, $lightness: -10%)

More info: https://sass-lang.com/d/color-functions

   Γò╖
98 Γöé $primary-dark:          darken($color-accent, 10%);
   Γöé                         ^^^^^^^^^^^^^^^^^^^^^^^^^^
   Γò╡
    resources\sass\_variables.scss 98:25  @import
    resources\sass\top-navbar.scss 1:9    root stylesheet

DEPRECATION WARNING [global-builtin]: Global built-in functions are deprecated and will be removed in Dart Sass 3.0.0.
Use color.adjust instead.

More info and automated migrator: https://sass-lang.com/d/import

   Γò╖
98 Γöé $primary-dark:          darken($color-accent, 10%);
   Γöé                         ^^^^^^^^^^^^^^^^^^^^^^^^^^
   Γò╡
    resources\sass\_variables.scss 98:25       @import
    resources\sass\student-dashboard.scss 1:9  root stylesheet

DEPRECATION WARNING [color-functions]: darken() is deprecated. Suggestions:

color.scale($color, $lightness: -15%)
color.adjust($color, $lightness: -10%)

More info: https://sass-lang.com/d/color-functions

   Γò╖
98 Γöé $primary-dark:          darken($color-accent, 10%);
   Γöé                         ^^^^^^^^^^^^^^^^^^^^^^^^^^
   Γò╡
    resources\sass\_variables.scss 98:25       @import
    resources\sass\student-dashboard.scss 1:9  root stylesheet

DEPRECATION WARNING [global-builtin]: Global built-in functions are deprecated and will be removed in Dart Sass 3.0.0.
Use color.adjust instead.

More info and automated migrator: https://sass-lang.com/d/import

   Γò╖
98 Γöé $primary-dark:          darken($color-accent, 10%);
   Γöé                         ^^^^^^^^^^^^^^^^^^^^^^^^^^
   Γò╡
    resources\sass\_variables.scss 98:25       @import
    resources\sass\faculty-dashboard.scss 1:9  root stylesheet

DEPRECATION WARNING [color-functions]: darken() is deprecated. Suggestions:

color.scale($color, $lightness: -15%)
color.adjust($color, $lightness: -10%)

More info: https://sass-lang.com/d/color-functions

   Γò╖
98 Γöé $primary-dark:          darken($color-accent, 10%);
   Γöé                         ^^^^^^^^^^^^^^^^^^^^^^^^^^
   Γò╡
    resources\sass\_variables.scss 98:25       @import
    resources\sass\faculty-dashboard.scss 1:9  root stylesheet

DEPRECATION WARNING [global-builtin]: Global built-in functions are deprecated and will be removed in Dart Sass 3.0.0.
Use color.adjust instead.

More info and automated migrator: https://sass-lang.com/d/import

   Γò╖
98 Γöé $primary-dark:          darken($color-accent, 10%);
   Γöé                         ^^^^^^^^^^^^^^^^^^^^^^^^^^
   Γò╡
    resources\sass\_variables.scss 98:25  @import
    resources\sass\faculty.scss 2:9       root stylesheet

DEPRECATION WARNING [color-functions]: darken() is deprecated. Suggestions:

color.scale($color, $lightness: -15%)
color.adjust($color, $lightness: -10%)

More info: https://sass-lang.com/d/color-functions

   Γò╖
98 Γöé $primary-dark:          darken($color-accent, 10%);
   Γöé                         ^^^^^^^^^^^^^^^^^^^^^^^^^^
   Γò╡
    resources\sass\_variables.scss 98:25  @import
    resources\sass\faculty.scss 2:9       root stylesheet

DEPRECATION WARNING [global-builtin]: Global built-in functions are deprecated and will be removed in Dart Sass 3.0.0.
Use color.adjust instead.

More info and automated migrator: https://sass-lang.com/d/import

    Γò╖
107 Γöé $secondary-light:       lighten($color-accent-hover, 10%);
    Γöé                         ^^^^^^^^^^^^^^^^^^^^^^^^^^^^^^^^^
    Γò╡
    resources\sass\_variables.scss 107:25  @import
    resources\sass\top-navbar.scss 1:9     root stylesheet

DEPRECATION WARNING [color-functions]: lighten() is deprecated. Suggestions:

color.scale($color, $lightness: 24.1706161137%)
color.adjust($color, $lightness: 10%)

More info: https://sass-lang.com/d/color-functions

    Γò╖
107 Γöé $secondary-light:       lighten($color-accent-hover, 10%);
    Γöé                         ^^^^^^^^^^^^^^^^^^^^^^^^^^^^^^^^^
    Γò╡
    resources\sass\_variables.scss 107:25  @import
    resources\sass\top-navbar.scss 1:9     root stylesheet

DEPRECATION WARNING [global-builtin]: Global built-in functions are deprecated and will be removed in Dart Sass 3.0.0.
Use color.adjust instead.

More info and automated migrator: https://sass-lang.com/d/import

    Γò╖
107 Γöé $secondary-light:       lighten($color-accent-hover, 10%);
    Γöé                         ^^^^^^^^^^^^^^^^^^^^^^^^^^^^^^^^^
    Γò╡
    resources\sass\_variables.scss 107:25      @import
    resources\sass\student-dashboard.scss 1:9  root stylesheet

DEPRECATION WARNING [color-functions]: lighten() is deprecated. Suggestions:

color.scale($color, $lightness: 24.1706161137%)
color.adjust($color, $lightness: 10%)

More info: https://sass-lang.com/d/color-functions

    Γò╖
107 Γöé $secondary-light:       lighten($color-accent-hover, 10%);
    Γöé                         ^^^^^^^^^^^^^^^^^^^^^^^^^^^^^^^^^
    Γò╡
    resources\sass\_variables.scss 107:25      @import
    resources\sass\student-dashboard.scss 1:9  root stylesheet

DEPRECATION WARNING [global-builtin]: Global built-in functions are deprecated and will be removed in Dart Sass 3.0.0.
Use color.adjust instead.

More info and automated migrator: https://sass-lang.com/d/import

    Γò╖
107 Γöé $secondary-light:       lighten($color-accent-hover, 10%);
    Γöé                         ^^^^^^^^^^^^^^^^^^^^^^^^^^^^^^^^^
    Γò╡
    resources\sass\_variables.scss 107:25      @import
    resources\sass\faculty-dashboard.scss 1:9  root stylesheet

DEPRECATION WARNING [color-functions]: lighten() is deprecated. Suggestions:

color.scale($color, $lightness: 24.1706161137%)
color.adjust($color, $lightness: 10%)

More info: https://sass-lang.com/d/color-functions

    Γò╖
107 Γöé $secondary-light:       lighten($color-accent-hover, 10%);
    Γöé                         ^^^^^^^^^^^^^^^^^^^^^^^^^^^^^^^^^
    Γò╡
    resources\sass\_variables.scss 107:25      @import
    resources\sass\faculty-dashboard.scss 1:9  root stylesheet

DEPRECATION WARNING [global-builtin]: Global built-in functions are deprecated and will be removed in Dart Sass 3.0.0.
Use color.adjust instead.

More info and automated migrator: https://sass-lang.com/d/import

    Γò╖
107 Γöé $secondary-light:       lighten($color-accent-hover, 10%);
    Γöé                         ^^^^^^^^^^^^^^^^^^^^^^^^^^^^^^^^^
    Γò╡
    resources\sass\_variables.scss 107:25  @import
    resources\sass\faculty.scss 2:9        root stylesheet

DEPRECATION WARNING [color-functions]: lighten() is deprecated. Suggestions:

color.scale($color, $lightness: 24.1706161137%)
color.adjust($color, $lightness: 10%)

More info: https://sass-lang.com/d/color-functions

    Γò╖
107 Γöé $secondary-light:       lighten($color-accent-hover, 10%);
    Γöé                         ^^^^^^^^^^^^^^^^^^^^^^^^^^^^^^^^^
    Γò╡
    resources\sass\_variables.scss 107:25  @import
    resources\sass\faculty.scss 2:9        root stylesheet

Browserslist: browsers data (caniuse-lite) is 8 months old. Please run:
  npx update-browserslist-db@latest
  Why you should do it regularly: https://github.com/browserslist/update-db#readme
DEPRECATION WARNING [legacy-js-api]: The legacy JS API is deprecated and will be removed in Dart Sass 2.0.0.

More info: https://sass-lang.com/d/legacy-js-api

DEPRECATION WARNING [import]: Sass @import rules are deprecated and will be removed in Dart Sass 3.0.0.

More info and automated migrator: https://sass-lang.com/d/import

  Γò╖
2 Γöé @import 'variables';
  Γöé         ^^^^^^^^^^^
  Γò╡
    resources\sass\students.scss 2:9  root stylesheet

DEPRECATION WARNING [legacy-js-api]: The legacy JS API is deprecated and will be removed in Dart Sass 2.0.0.

More info: https://sass-lang.com/d/legacy-js-api

DEPRECATION WARNING [import]: Sass @import rules are deprecated and will be removed in Dart Sass 3.0.0.

More info and automated migrator: https://sass-lang.com/d/import

  Γò╖
1 Γöé @import 'variables';
  Γöé         ^^^^^^^^^^^
  Γò╡
    resources\sass\subjects.scss 1:9  root stylesheet

DEPRECATION WARNING [import]: Sass @import rules are deprecated and will be removed in Dart Sass 3.0.0.

More info and automated migrator: https://sass-lang.com/d/import

  Γò╖
2 Γöé @import 'faculty'; // Subjects page reuses faculty/settings table styles
  Γöé         ^^^^^^^^^
  Γò╡
    resources\sass\subjects.scss 2:9  root stylesheet

DEPRECATION WARNING [legacy-js-api]: The legacy JS API is deprecated and will be removed in Dart Sass 2.0.0.

More info: https://sass-lang.com/d/legacy-js-api

DEPRECATION WARNING [import]: Sass @import rules are deprecated and will be removed in Dart Sass 3.0.0.

More info and automated migrator: https://sass-lang.com/d/import

  Γò╖
1 Γöé @import 'variables';
  Γöé         ^^^^^^^^^^^
  Γò╡
    resources\sass\dashboard.scss 1:9  root stylesheet

DEPRECATION WARNING [legacy-js-api]: The legacy JS API is deprecated and will be removed in Dart Sass 2.0.0.

More info: https://sass-lang.com/d/legacy-js-api

DEPRECATION WARNING [import]: Sass @import rules are deprecated and will be removed in Dart Sass 3.0.0.

More info and automated migrator: https://sass-lang.com/d/import

  Γò╖
2 Γöé @import 'variables';
  Γöé         ^^^^^^^^^^^
  Γò╡
    resources\sass\settings.scss 2:9  root stylesheet

DEPRECATION WARNING [legacy-js-api]: The legacy JS API is deprecated and will be removed in Dart Sass 2.0.0.

More info: https://sass-lang.com/d/legacy-js-api

DEPRECATION WARNING [import]: Sass @import rules are deprecated and will be removed in Dart Sass 3.0.0.

More info and automated migrator: https://sass-lang.com/d/import

  Γò╖
1 Γöé @import 'variables';
  Γöé         ^^^^^^^^^^^
  Γò╡
    resources\sass\profile.scss 1:9  root stylesheet

DEPRECATION WARNING [global-builtin]: Global built-in functions are deprecated and will be removed in Dart Sass 3.0.0.
Use color.adjust instead.

More info and automated migrator: https://sass-lang.com/d/import

   Γò╖
97 Γöé $primary-light:         lighten($color-accent, 10%);
   Γöé                         ^^^^^^^^^^^^^^^^^^^^^^^^^^^
   Γò╡
    resources\sass\_variables.scss 97:25  @import
    resources\sass\subjects.scss 1:9      root stylesheet

DEPRECATION WARNING [color-functions]: lighten() is deprecated. Suggestions:

color.scale($color, $lightness: 30%)
color.adjust($color, $lightness: 10%)

More info: https://sass-lang.com/d/color-functions

   Γò╖
97 Γöé $primary-light:         lighten($color-accent, 10%);
   Γöé                         ^^^^^^^^^^^^^^^^^^^^^^^^^^^
   Γò╡
    resources\sass\_variables.scss 97:25  @import
    resources\sass\subjects.scss 1:9      root stylesheet

DEPRECATION WARNING [global-builtin]: Global built-in functions are deprecated and will be removed in Dart Sass 3.0.0.
Use color.adjust instead.

More info and automated migrator: https://sass-lang.com/d/import

   Γò╖
97 Γöé $primary-light:         lighten($color-accent, 10%);
   Γöé                         ^^^^^^^^^^^^^^^^^^^^^^^^^^^
   Γò╡
    resources\sass\_variables.scss 97:25  @import
    resources\sass\dashboard.scss 1:9     root stylesheet

DEPRECATION WARNING [color-functions]: lighten() is deprecated. Suggestions:

color.scale($color, $lightness: 30%)
color.adjust($color, $lightness: 10%)

More info: https://sass-lang.com/d/color-functions

   Γò╖
97 Γöé $primary-light:         lighten($color-accent, 10%);
   Γöé                         ^^^^^^^^^^^^^^^^^^^^^^^^^^^
   Γò╡
    resources\sass\_variables.scss 97:25  @import
    resources\sass\dashboard.scss 1:9     root stylesheet

DEPRECATION WARNING [global-builtin]: Global built-in functions are deprecated and will be removed in Dart Sass 3.0.0.
Use color.adjust instead.

More info and automated migrator: https://sass-lang.com/d/import

   Γò╖
97 Γöé $primary-light:         lighten($color-accent, 10%);
   Γöé                         ^^^^^^^^^^^^^^^^^^^^^^^^^^^
   Γò╡
    resources\sass\_variables.scss 97:25  @import
    resources\sass\profile.scss 1:9       root stylesheet

DEPRECATION WARNING [color-functions]: lighten() is deprecated. Suggestions:

color.scale($color, $lightness: 30%)
color.adjust($color, $lightness: 10%)

More info: https://sass-lang.com/d/color-functions

   Γò╖
97 Γöé $primary-light:         lighten($color-accent, 10%);
   Γöé                         ^^^^^^^^^^^^^^^^^^^^^^^^^^^
   Γò╡
    resources\sass\_variables.scss 97:25  @import
    resources\sass\profile.scss 1:9       root stylesheet

DEPRECATION WARNING [global-builtin]: Global built-in functions are deprecated and will be removed in Dart Sass 3.0.0.
Use color.adjust instead.

More info and automated migrator: https://sass-lang.com/d/import

   Γò╖
97 Γöé $primary-light:         lighten($color-accent, 10%);
   Γöé                         ^^^^^^^^^^^^^^^^^^^^^^^^^^^
   Γò╡
    resources\sass\_variables.scss 97:25  @import
    resources\sass\students.scss 2:9      root stylesheet

DEPRECATION WARNING [color-functions]: lighten() is deprecated. Suggestions:

color.scale($color, $lightness: 30%)
color.adjust($color, $lightness: 10%)

More info: https://sass-lang.com/d/color-functions

   Γò╖
97 Γöé $primary-light:         lighten($color-accent, 10%);
   Γöé                         ^^^^^^^^^^^^^^^^^^^^^^^^^^^
   Γò╡
    resources\sass\_variables.scss 97:25  @import
    resources\sass\students.scss 2:9      root stylesheet

DEPRECATION WARNING [global-builtin]: Global built-in functions are deprecated and will be removed in Dart Sass 3.0.0.
Use color.adjust instead.

More info and automated migrator: https://sass-lang.com/d/import

   Γò╖
97 Γöé $primary-light:         lighten($color-accent, 10%);
   Γöé                         ^^^^^^^^^^^^^^^^^^^^^^^^^^^
   Γò╡
    resources\sass\_variables.scss 97:25  @import
    resources\sass\settings.scss 2:9      root stylesheet

DEPRECATION WARNING [color-functions]: lighten() is deprecated. Suggestions:

color.scale($color, $lightness: 30%)
color.adjust($color, $lightness: 10%)

More info: https://sass-lang.com/d/color-functions

   Γò╖
97 Γöé $primary-light:         lighten($color-accent, 10%);
   Γöé                         ^^^^^^^^^^^^^^^^^^^^^^^^^^^
   Γò╡
    resources\sass\_variables.scss 97:25  @import
    resources\sass\settings.scss 2:9      root stylesheet

DEPRECATION WARNING [global-builtin]: Global built-in functions are deprecated and will be removed in Dart Sass 3.0.0.
Use color.adjust instead.

More info and automated migrator: https://sass-lang.com/d/import

   Γò╖
98 Γöé $primary-dark:          darken($color-accent, 10%);
   Γöé                         ^^^^^^^^^^^^^^^^^^^^^^^^^^
   Γò╡
    resources\sass\_variables.scss 98:25  @import
    resources\sass\subjects.scss 1:9      root stylesheet

DEPRECATION WARNING [color-functions]: darken() is deprecated. Suggestions:

color.scale($color, $lightness: -15%)
color.adjust($color, $lightness: -10%)

More info: https://sass-lang.com/d/color-functions

   Γò╖
98 Γöé $primary-dark:          darken($color-accent, 10%);
   Γöé                         ^^^^^^^^^^^^^^^^^^^^^^^^^^
   Γò╡
    resources\sass\_variables.scss 98:25  @import
    resources\sass\subjects.scss 1:9      root stylesheet

DEPRECATION WARNING [global-builtin]: Global built-in functions are deprecated and will be removed in Dart Sass 3.0.0.
Use color.adjust instead.

More info and automated migrator: https://sass-lang.com/d/import

   Γò╖
98 Γöé $primary-dark:          darken($color-accent, 10%);
   Γöé                         ^^^^^^^^^^^^^^^^^^^^^^^^^^
   Γò╡
    resources\sass\_variables.scss 98:25  @import
    resources\sass\dashboard.scss 1:9     root stylesheet

DEPRECATION WARNING [color-functions]: darken() is deprecated. Suggestions:

color.scale($color, $lightness: -15%)
color.adjust($color, $lightness: -10%)

More info: https://sass-lang.com/d/color-functions

   Γò╖
98 Γöé $primary-dark:          darken($color-accent, 10%);
   Γöé                         ^^^^^^^^^^^^^^^^^^^^^^^^^^
   Γò╡
    resources\sass\_variables.scss 98:25  @import
    resources\sass\dashboard.scss 1:9     root stylesheet

DEPRECATION WARNING [global-builtin]: Global built-in functions are deprecated and will be removed in Dart Sass 3.0.0.
Use color.adjust instead.

More info and automated migrator: https://sass-lang.com/d/import

   Γò╖
98 Γöé $primary-dark:          darken($color-accent, 10%);
   Γöé                         ^^^^^^^^^^^^^^^^^^^^^^^^^^
   Γò╡
    resources\sass\_variables.scss 98:25  @import
    resources\sass\profile.scss 1:9       root stylesheet

DEPRECATION WARNING [color-functions]: darken() is deprecated. Suggestions:

color.scale($color, $lightness: -15%)
color.adjust($color, $lightness: -10%)

More info: https://sass-lang.com/d/color-functions

   Γò╖
98 Γöé $primary-dark:          darken($color-accent, 10%);
   Γöé                         ^^^^^^^^^^^^^^^^^^^^^^^^^^
   Γò╡
    resources\sass\_variables.scss 98:25  @import
    resources\sass\profile.scss 1:9       root stylesheet

DEPRECATION WARNING [global-builtin]: Global built-in functions are deprecated and will be removed in Dart Sass 3.0.0.
Use color.adjust instead.

More info and automated migrator: https://sass-lang.com/d/import

   Γò╖
98 Γöé $primary-dark:          darken($color-accent, 10%);
   Γöé                         ^^^^^^^^^^^^^^^^^^^^^^^^^^
   Γò╡
    resources\sass\_variables.scss 98:25  @import
    resources\sass\students.scss 2:9      root stylesheet

DEPRECATION WARNING [color-functions]: darken() is deprecated. Suggestions:

color.scale($color, $lightness: -15%)
color.adjust($color, $lightness: -10%)

More info: https://sass-lang.com/d/color-functions

   Γò╖
98 Γöé $primary-dark:          darken($color-accent, 10%);
   Γöé                         ^^^^^^^^^^^^^^^^^^^^^^^^^^
   Γò╡
    resources\sass\_variables.scss 98:25  @import
    resources\sass\students.scss 2:9      root stylesheet

DEPRECATION WARNING [global-builtin]: Global built-in functions are deprecated and will be removed in Dart Sass 3.0.0.
Use color.adjust instead.

More info and automated migrator: https://sass-lang.com/d/import

   Γò╖
98 Γöé $primary-dark:          darken($color-accent, 10%);
   Γöé                         ^^^^^^^^^^^^^^^^^^^^^^^^^^
   Γò╡
    resources\sass\_variables.scss 98:25  @import
    resources\sass\settings.scss 2:9      root stylesheet

DEPRECATION WARNING [color-functions]: darken() is deprecated. Suggestions:

color.scale($color, $lightness: -15%)
color.adjust($color, $lightness: -10%)

More info: https://sass-lang.com/d/color-functions

   Γò╖
98 Γöé $primary-dark:          darken($color-accent, 10%);
   Γöé                         ^^^^^^^^^^^^^^^^^^^^^^^^^^
   Γò╡
    resources\sass\_variables.scss 98:25  @import
    resources\sass\settings.scss 2:9      root stylesheet

DEPRECATION WARNING [global-builtin]: Global built-in functions are deprecated and will be removed in Dart Sass 3.0.0.
Use color.adjust instead.

More info and automated migrator: https://sass-lang.com/d/import

    Γò╖
107 Γöé $secondary-light:       lighten($color-accent-hover, 10%);
    Γöé                         ^^^^^^^^^^^^^^^^^^^^^^^^^^^^^^^^^
    Γò╡
    resources\sass\_variables.scss 107:25  @import
    resources\sass\subjects.scss 1:9       root stylesheet

DEPRECATION WARNING [color-functions]: lighten() is deprecated. Suggestions:

color.scale($color, $lightness: 24.1706161137%)
color.adjust($color, $lightness: 10%)

More info: https://sass-lang.com/d/color-functions

    Γò╖
107 Γöé $secondary-light:       lighten($color-accent-hover, 10%);
    Γöé                         ^^^^^^^^^^^^^^^^^^^^^^^^^^^^^^^^^
    Γò╡
    resources\sass\_variables.scss 107:25  @import
    resources\sass\subjects.scss 1:9       root stylesheet

DEPRECATION WARNING [global-builtin]: Global built-in functions are deprecated and will be removed in Dart Sass 3.0.0.
Use color.adjust instead.

More info and automated migrator: https://sass-lang.com/d/import

    Γò╖
107 Γöé $secondary-light:       lighten($color-accent-hover, 10%);
    Γöé                         ^^^^^^^^^^^^^^^^^^^^^^^^^^^^^^^^^
    Γò╡
    resources\sass\_variables.scss 107:25  @import
    resources\sass\dashboard.scss 1:9      root stylesheet

DEPRECATION WARNING [color-functions]: lighten() is deprecated. Suggestions:

color.scale($color, $lightness: 24.1706161137%)
color.adjust($color, $lightness: 10%)

More info: https://sass-lang.com/d/color-functions

    Γò╖
107 Γöé $secondary-light:       lighten($color-accent-hover, 10%);
    Γöé                         ^^^^^^^^^^^^^^^^^^^^^^^^^^^^^^^^^
    Γò╡
    resources\sass\_variables.scss 107:25  @import
    resources\sass\dashboard.scss 1:9      root stylesheet

DEPRECATION WARNING [global-builtin]: Global built-in functions are deprecated and will be removed in Dart Sass 3.0.0.
Use color.adjust instead.

More info and automated migrator: https://sass-lang.com/d/import

    Γò╖
107 Γöé $secondary-light:       lighten($color-accent-hover, 10%);
    Γöé                         ^^^^^^^^^^^^^^^^^^^^^^^^^^^^^^^^^
    Γò╡
    resources\sass\_variables.scss 107:25  @import
    resources\sass\profile.scss 1:9        root stylesheet

DEPRECATION WARNING [color-functions]: lighten() is deprecated. Suggestions:

color.scale($color, $lightness: 24.1706161137%)
color.adjust($color, $lightness: 10%)

More info: https://sass-lang.com/d/color-functions

    Γò╖
107 Γöé $secondary-light:       lighten($color-accent-hover, 10%);
    Γöé                         ^^^^^^^^^^^^^^^^^^^^^^^^^^^^^^^^^
    Γò╡
    resources\sass\_variables.scss 107:25  @import
    resources\sass\profile.scss 1:9        root stylesheet

DEPRECATION WARNING [global-builtin]: Global built-in functions are deprecated and will be removed in Dart Sass 3.0.0.
Use color.adjust instead.

More info and automated migrator: https://sass-lang.com/d/import

    Γò╖
107 Γöé $secondary-light:       lighten($color-accent-hover, 10%);
    Γöé                         ^^^^^^^^^^^^^^^^^^^^^^^^^^^^^^^^^
    Γò╡
    resources\sass\_variables.scss 107:25  @import
    resources\sass\students.scss 2:9       root stylesheet

DEPRECATION WARNING [color-functions]: lighten() is deprecated. Suggestions:

color.scale($color, $lightness: 24.1706161137%)
color.adjust($color, $lightness: 10%)

More info: https://sass-lang.com/d/color-functions

    Γò╖
107 Γöé $secondary-light:       lighten($color-accent-hover, 10%);
    Γöé                         ^^^^^^^^^^^^^^^^^^^^^^^^^^^^^^^^^
    Γò╡
    resources\sass\_variables.scss 107:25  @import
    resources\sass\students.scss 2:9       root stylesheet

DEPRECATION WARNING [global-builtin]: Global built-in functions are deprecated and will be removed in Dart Sass 3.0.0.
Use color.adjust instead.

More info and automated migrator: https://sass-lang.com/d/import

    Γò╖
107 Γöé $secondary-light:       lighten($color-accent-hover, 10%);
    Γöé                         ^^^^^^^^^^^^^^^^^^^^^^^^^^^^^^^^^
    Γò╡
    resources\sass\_variables.scss 107:25  @import
    resources\sass\settings.scss 2:9       root stylesheet

DEPRECATION WARNING [color-functions]: lighten() is deprecated. Suggestions:

color.scale($color, $lightness: 24.1706161137%)
color.adjust($color, $lightness: 10%)

More info: https://sass-lang.com/d/color-functions

    Γò╖
107 Γöé $secondary-light:       lighten($color-accent-hover, 10%);
    Γöé                         ^^^^^^^^^^^^^^^^^^^^^^^^^^^^^^^^^
    Γò╡
    resources\sass\_variables.scss 107:25  @import
    resources\sass\settings.scss 2:9       root stylesheet

DEPRECATION WARNING [import]: Sass @import rules are deprecated and will be removed in Dart Sass 3.0.0.

More info and automated migrator: https://sass-lang.com/d/import

  Γò╖
2 Γöé @import 'variables';
  Γöé         ^^^^^^^^^^^
  Γò╡
    resources\sass\faculty.scss 2:9   @import
    resources\sass\subjects.scss 2:9  root stylesheet

DEPRECATION WARNING [global-builtin]: Global built-in functions are deprecated and will be removed in Dart Sass 3.0.0.
Use color.adjust instead.

More info and automated migrator: https://sass-lang.com/d/import

    Γò╖
269 Γöé             background: darken($background-gray, 3%);
    Γöé                         ^^^^^^^^^^^^^^^^^^^^^^^^^^^^
    Γò╡
    resources\sass\settings.scss 269:25  root stylesheet

DEPRECATION WARNING [color-functions]: darken() is deprecated. Suggestions:

color.scale($color, $lightness: -3.06%)
color.adjust($color, $lightness: -3%)

More info: https://sass-lang.com/d/color-functions

    Γò╖
269 Γöé             background: darken($background-gray, 3%);
    Γöé                         ^^^^^^^^^^^^^^^^^^^^^^^^^^^^
    Γò╡
    resources\sass\settings.scss 269:25  root stylesheet

DEPRECATION WARNING [legacy-js-api]: The legacy JS API is deprecated and will be removed in Dart Sass 2.0.0.

More info: https://sass-lang.com/d/legacy-js-api

DEPRECATION WARNING [import]: Sass @import rules are deprecated and will be removed in Dart Sass 3.0.0.

More info and automated migrator: https://sass-lang.com/d/import

  Γò╖
2 Γöé @import 'variables';
  Γöé         ^^^^^^^^^^^
  Γò╡
    resources\sass\confirm-modal.scss 2:9  root stylesheet

DEPRECATION WARNING [global-builtin]: Global built-in functions are deprecated and will be removed in Dart Sass 3.0.0.
Use color.adjust instead.

More info and automated migrator: https://sass-lang.com/d/import

   Γò╖
97 Γöé $primary-light:         lighten($color-accent, 10%);
   Γöé                         ^^^^^^^^^^^^^^^^^^^^^^^^^^^
   Γò╡
    resources\sass\_variables.scss 97:25   @import
    resources\sass\confirm-modal.scss 2:9  root stylesheet

DEPRECATION WARNING [color-functions]: lighten() is deprecated. Suggestions:

color.scale($color, $lightness: 30%)
color.adjust($color, $lightness: 10%)

More info: https://sass-lang.com/d/color-functions

   Γò╖
97 Γöé $primary-light:         lighten($color-accent, 10%);
   Γöé                         ^^^^^^^^^^^^^^^^^^^^^^^^^^^
   Γò╡
    resources\sass\_variables.scss 97:25   @import
    resources\sass\confirm-modal.scss 2:9  root stylesheet

DEPRECATION WARNING [global-builtin]: Global built-in functions are deprecated and will be removed in Dart Sass 3.0.0.
Use color.adjust instead.

More info and automated migrator: https://sass-lang.com/d/import

   Γò╖
98 Γöé $primary-dark:          darken($color-accent, 10%);
   Γöé                         ^^^^^^^^^^^^^^^^^^^^^^^^^^
   Γò╡
    resources\sass\_variables.scss 98:25   @import
    resources\sass\confirm-modal.scss 2:9  root stylesheet

DEPRECATION WARNING [color-functions]: darken() is deprecated. Suggestions:

color.scale($color, $lightness: -15%)
color.adjust($color, $lightness: -10%)

More info: https://sass-lang.com/d/color-functions

   Γò╖
98 Γöé $primary-dark:          darken($color-accent, 10%);
   Γöé                         ^^^^^^^^^^^^^^^^^^^^^^^^^^
   Γò╡
    resources\sass\_variables.scss 98:25   @import
    resources\sass\confirm-modal.scss 2:9  root stylesheet

DEPRECATION WARNING [global-builtin]: Global built-in functions are deprecated and will be removed in Dart Sass 3.0.0.
Use color.adjust instead.

More info and automated migrator: https://sass-lang.com/d/import

    Γò╖
107 Γöé $secondary-light:       lighten($color-accent-hover, 10%);
    Γöé                         ^^^^^^^^^^^^^^^^^^^^^^^^^^^^^^^^^
    Γò╡
    resources\sass\_variables.scss 107:25  @import
    resources\sass\confirm-modal.scss 2:9  root stylesheet

DEPRECATION WARNING [color-functions]: lighten() is deprecated. Suggestions:

color.scale($color, $lightness: 24.1706161137%)
color.adjust($color, $lightness: 10%)

More info: https://sass-lang.com/d/color-functions

    Γò╖
107 Γöé $secondary-light:       lighten($color-accent-hover, 10%);
    Γöé                         ^^^^^^^^^^^^^^^^^^^^^^^^^^^^^^^^^
    Γò╡
    resources\sass\_variables.scss 107:25  @import
    resources\sass\confirm-modal.scss 2:9  root stylesheet

ΓêÜ Mix: Compiled with some errors in 2.91s
[1m[31mERROR[39m[22m in [1m./resources/sass/app.scss[39m[22m
[1mModule build [1m[31mfailed[39m[22m[1m (from ./node_modules/mini-css-extract-plugin/dist/loader.js):
ModuleBuildError: Module build [1m[31mfailed[39m[22m[1m (from ./node_modules/sass-loader/dist/cjs.js):
SassError: Undefined variable.
   Γò╖
14 Γöé   background-color: $color-page-bg;
   Γöé                     ^^^^^^^^^^^^^^
   Γò╡
  resources\sass\app.scss 14:21  root stylesheet
    at processResult (C:\xampp\htdocs\UniSys\node_modules\webpack\lib\NormalModule.js:926:19)
    at C:\xampp\htdocs\UniSys\node_modules\webpack\lib\NormalModule.js:1075:5
    at C:\xampp\htdocs\UniSys\node_modules\loader-runner\lib\LoaderRunner.js:400:11
    at C:\xampp\htdocs\UniSys\node_modules\loader-runner\lib\LoaderRunner.js:252:18
    at context.callback (C:\xampp\htdocs\UniSys\node_modules\loader-runner\lib\LoaderRunner.js:124:13)
    at C:\xampp\htdocs\UniSys\node_modules\sass-loader\dist\index.js:54:7
    at Function.call$2 (C:\xampp\htdocs\UniSys\node_modules\sass\sass.dart.js:127550:16)
    at render_closure1.call$2 (C:\xampp\htdocs\UniSys\node_modules\sass\sass.dart.js:108663:12)
    at _RootZone.runBinary$3$3 (C:\xampp\htdocs\UniSys\node_modules\sass\sass.dart.js:39647:18)
    at _FutureListener.handleError$1 (C:\xampp\htdocs\UniSys\node_modules\sass\sass.dart.js:38178:21)
    at _Future__propagateToListeners_handleError.call$0 (C:\xampp\htdocs\UniSys\node_modules\sass\sass.dart.js:38479:49)
    at Object._Future__propagateToListeners (C:\xampp\htdocs\UniSys\node_modules\sass\sass.dart.js:5172:77)
    at _Future._completeErrorObject$1 (C:\xampp\htdocs\UniSys\node_modules\sass\sass.dart.js:38339:9)
    at _AsyncAwaitCompleter.completeError$2 (C:\xampp\htdocs\UniSys\node_modules\sass\sass.dart.js:37949:12)
    at Object._asyncRethrow (C:\xampp\htdocs\UniSys\node_modules\sass\sass.dart.js:4935:17)
    at C:\xampp\htdocs\UniSys\node_modules\sass\sass.dart.js:28511:20
    at _wrapJsFunctionForAsync_closure.$protected (C:\xampp\htdocs\UniSys\node_modules\sass\sass.dart.js:4960:15)
    at _wrapJsFunctionForAsync_closure.call$2 (C:\xampp\htdocs\UniSys\node_modules\sass\sass.dart.js:37968:12)
    at _awaitOnObject_closure0.call$2 (C:\xampp\htdocs\UniSys\node_modules\sass\sass.dart.js:37962:25)
    at _RootZone.runBinary$3$3 (C:\xampp\htdocs\UniSys\node_modules\sass\sass.dart.js:39647:18)
    at _FutureListener.handleError$1 (C:\xampp\htdocs\UniSys\node_modules\sass\sass.dart.js:38178:21)
    at _Future__propagateToListeners_handleError.call$0 (C:\xampp\htdocs\UniSys\node_modules\sass\sass.dart.js:38479:49)
    at Object._Future__propagateToListeners (C:\xampp\htdocs\UniSys\node_modules\sass\sass.dart.js:5172:77)
    at _Future._completeErrorObject$1 (C:\xampp\htdocs\UniSys\node_modules\sass\sass.dart.js:38339:9)
    at _AsyncAwaitCompleter.completeError$2 (C:\xampp\htdocs\UniSys\node_modules\sass\sass.dart.js:37949:12)
    at Object._asyncRethrow (C:\xampp\htdocs\UniSys\node_modules\sass\sass.dart.js:4935:17)
    at C:\xampp\htdocs\UniSys\node_modules\sass\sass.dart.js:20598:20
    at _wrapJsFunctionForAsync_closure.$protected (C:\xampp\htdocs\UniSys\node_modules\sass\sass.dart.js:4960:15)
    at _wrapJsFunctionForAsync_closure.call$2 (C:\xampp\htdocs\UniSys\node_modules\sass\sass.dart.js:37968:12)
    at _awaitOnObject_closure0.call$2 (C:\xampp\htdocs\UniSys\node_modules\sass\sass.dart.js:37962:25)
    at _RootZone.runBinary$3$3 (C:\xampp\htdocs\UniSys\node_modules\sass\sass.dart.js:39647:18)
    at _FutureListener.handleError$1 (C:\xampp\htdocs\UniSys\node_modules\sass\sass.dart.js:38178:21)
    at _Future__propagateToListeners_handleError.call$0 (C:\xampp\htdocs\UniSys\node_modules\sass\sass.dart.js:38479:49)
    at Object._Future__propagateToListeners (C:\xampp\htdocs\UniSys\node_modules\sass\sass.dart.js:5172:77)
    at _Future._completeErrorObject$1 (C:\xampp\htdocs\UniSys\node_modules\sass\sass.dart.js:38339:9)
    at _AsyncAwaitCompleter.completeError$2 (C:\xampp\htdocs\UniSys\node_modules\sass\sass.dart.js:37949:12)
    at Object._asyncRethrow (C:\xampp\htdocs\UniSys\node_modules\sass\sass.dart.js:4935:17)
    at C:\xampp\htdocs\UniSys\node_modules\sass\sass.dart.js:20646:20
    at _wrapJsFunctionForAsync_closure.$protected (C:\xampp\htdocs\UniSys\node_modules\sass\sass.dart.js:4960:15)
    at _wrapJsFunctionForAsync_closure.call$2 (C:\xampp\htdocs\UniSys\node_modules\sass\sass.dart.js:37968:12)
    at _awaitOnObject_closure0.call$2 (C:\xampp\htdocs\UniSys\node_modules\sass\sass.dart.js:37962:25)
    at _RootZone.runBinary$3$3 (C:\xampp\htdocs\UniSys\node_modules\sass\sass.dart.js:39647:18)
    at _FutureListener.handleError$1 (C:\xampp\htdocs\UniSys\node_modules\sass\sass.dart.js:38178:21)
    at _Future__propagateToListeners_handleError.call$0 (C:\xampp\htdocs\UniSys\node_modules\sass\sass.dart.js:38479:49)
    at Object._Future__propagateToListeners (C:\xampp\htdocs\UniSys\node_modules\sass\sass.dart.js:5172:77)
    at _Future._completeErrorObject$1 (C:\xampp\htdocs\UniSys\node_modules\sass\sass.dart.js:38339:9)
    at _AsyncAwaitCompleter.completeError$2 (C:\xampp\htdocs\UniSys\node_modules\sass\sass.dart.js:37949:12)
    at Object._asyncRethrow (C:\xampp\htdocs\UniSys\node_modules\sass\sass.dart.js:4935:17)
    at C:\xampp\htdocs\UniSys\node_modules\sass\sass.dart.js:86338:24
    at _wrapJsFunctionForAsync_closure.$protected (C:\xampp\htdocs\UniSys\node_modules\sass\sass.dart.js:4960:15)[39m[22m

[1m[31m1 ERROR in child compilations (Use 'stats.children: true' resp. '--stats-children' for more details)[39m[22m
webpack compiled with [1m[31m2 errors[39m[22m
